// Jest Snapshot v1, https://goo.gl/fbAQLP

exports[`Task Component renders correctly 1`] = `
<DocumentFragment>
  <div
    class="task "
  >
    <h3>
      Test Task
    </h3>
    <p>
      This is a test task
    </p>
    <p
      class="date"
    >
      Created on: 2024-10-10
    </p>
    <p
      class="daysSpent"
    >
      Days spent on this task: 5
    </p>
     
    <div
      class="actions"
    >
      <button>
        Complete
      </button>
      <button>
        Delete
      </button>
    </div>
  </div>
</DocumentFragment>
`;
